// Jest Snapshot v1, https://goo.gl/fbAQLP

exports[`should render ExpenseListItem with expenses data 1`] = `
<div>
  <Link
    to="/edit/1"
  >
    Gum
  </Link>
  <p>
    $1.95
    -
    January 1st, 1970
    ;
  </p>
</div>
`;
